// Jest Snapshot v1, https://goo.gl/fbAQLP

exports[`Label component 
  disabled: false
 1`] = `
<div
  className="Label"
  data-test="DesignSystem-Label"
>
  <GenericText
    className="Label-label"
    componentType="label"
    data-test="DesignSystem-Label--Label"
  >
    Label
  </GenericText>
</div>
`;

exports[`Label component 
  disabled: true
 1`] = `
<div
  className="Label"
  data-test="DesignSystem-Label"
>
  <GenericText
    className="Label-label"
    componentType="label"
    data-test="DesignSystem-Label--Label"
  >
    Label
  </GenericText>
</div>
`;

exports[`Label component 
  required: false
 1`] = `
<div
  className="Label"
  data-test="DesignSystem-Label"
>
  <GenericText
    className="Label-label"
    componentType="label"
    data-test="DesignSystem-Label--Label"
  >
    Label
  </GenericText>
</div>
`;

exports[`Label component 
  required: true
 1`] = `
<div
  className="Label"
  data-test="DesignSystem-Label"
>
  <GenericText
    className="Label-label"
    componentType="label"
    data-test="DesignSystem-Label--Label"
  >
    Label
  </GenericText>
</div>
`;
