// Jest Snapshot v1, https://goo.gl/fbAQLP

exports[`Modal component 
  dimension: "large", open: true
 1`] = `
<body
  style="overflow: hidden;"
>
  <div
    class="Modal-wrapper"
  >
    <div
      class="Modal-container Modal-container--open"
      data-layer="true"
      data-test="DesignSystem-ModalContainer"
    >
      <div
        class="Modal Modal--large Modal--open Modal-animation--open"
        data-test="DesignSystem-Modal"
      >
        <div
          class="ModalHeader"
        >
          <div
            class="ModalHeader-headingWrapper"
            data-test="DesignSystem-ModalHeader"
          >
            <div
              class="ModalHeader-heading"
            >
              <h4
                class="Heading Heading--m Heading--default"
                data-test="DesignSystem-Heading"
              >
                Heading
              </h4>
            </div>
            <i
              class="material-icons Icon Icon--default cursor-pointer"
              data-test="DesignSystem-ModalHeader--CloseIcon"
              style="font-size: 20px; width: 20px;"
            >
              close
            </i>
          </div>
          <span
            class="Text Text--subtle Text--regular ModalHeader-subheading"
            data-test="DesignSystem-ModalHeader--Subheading"
          >
            Subheading
          </span>
        </div>
      </div>
    </div>
  </div>
  <div>
    <div />
  </div>
  <div
    class="Backdrop Backdrop--open Backdrop-animation--open"
    data-test="DesignSystem-Backdrop"
  />
</body>
`;

exports[`Modal component 
  dimension: "large", open: true, backdropClose: "[Function]"
 1`] = `
<body
  style="overflow: hidden;"
>
  <div
    class="Modal-wrapper"
  >
    <div
      class="Modal-container Modal-container--open"
      data-layer="true"
      data-test="DesignSystem-ModalContainer"
    >
      <div
        class="Modal Modal--large Modal--open Modal-animation--open"
        data-test="DesignSystem-Modal"
      >
        <div
          class="ModalHeader"
        >
          <div
            class="ModalHeader-headingWrapper"
            data-test="DesignSystem-ModalHeader"
          >
            <div
              class="ModalHeader-heading"
            >
              <h4
                class="Heading Heading--m Heading--default"
                data-test="DesignSystem-Heading"
              >
                Heading
              </h4>
            </div>
            <i
              class="material-icons Icon Icon--default cursor-pointer"
              data-test="DesignSystem-ModalHeader--CloseIcon"
              style="font-size: 20px; width: 20px;"
            >
              close
            </i>
          </div>
          <span
            class="Text Text--subtle Text--regular ModalHeader-subheading"
            data-test="DesignSystem-ModalHeader--Subheading"
          >
            Subheading
          </span>
        </div>
      </div>
    </div>
  </div>
  <div>
    <div />
  </div>
  <div
    class="Backdrop Backdrop--open Backdrop-animation--open"
    data-test="DesignSystem-Backdrop"
  />
</body>
`;

exports[`Modal component 
  dimension: "medium", open: true
 1`] = `
<body
  style="overflow: hidden;"
>
  <div
    class="Modal-wrapper"
  >
    <div
      class="Modal-container Modal-container--open"
      data-layer="true"
      data-test="DesignSystem-ModalContainer"
    >
      <div
        class="Modal Modal--medium Modal--open Modal-animation--open"
        data-test="DesignSystem-Modal"
      >
        <div
          class="ModalHeader"
        >
          <div
            class="ModalHeader-headingWrapper"
            data-test="DesignSystem-ModalHeader"
          >
            <div
              class="ModalHeader-heading"
            >
              <h4
                class="Heading Heading--m Heading--default"
                data-test="DesignSystem-Heading"
              >
                Heading
              </h4>
            </div>
            <i
              class="material-icons Icon Icon--default cursor-pointer"
              data-test="DesignSystem-ModalHeader--CloseIcon"
              style="font-size: 20px; width: 20px;"
            >
              close
            </i>
          </div>
          <span
            class="Text Text--subtle Text--regular ModalHeader-subheading"
            data-test="DesignSystem-ModalHeader--Subheading"
          >
            Subheading
          </span>
        </div>
      </div>
    </div>
  </div>
  <div>
    <div />
  </div>
  <div
    class="Backdrop Backdrop--open Backdrop-animation--open"
    data-test="DesignSystem-Backdrop"
  />
</body>
`;

exports[`Modal component 
  dimension: "medium", open: true, backdropClose: "[Function]"
 1`] = `
<body
  style="overflow: hidden;"
>
  <div
    class="Modal-wrapper"
  >
    <div
      class="Modal-container Modal-container--open"
      data-layer="true"
      data-test="DesignSystem-ModalContainer"
    >
      <div
        class="Modal Modal--medium Modal--open Modal-animation--open"
        data-test="DesignSystem-Modal"
      >
        <div
          class="ModalHeader"
        >
          <div
            class="ModalHeader-headingWrapper"
            data-test="DesignSystem-ModalHeader"
          >
            <div
              class="ModalHeader-heading"
            >
              <h4
                class="Heading Heading--m Heading--default"
                data-test="DesignSystem-Heading"
              >
                Heading
              </h4>
            </div>
            <i
              class="material-icons Icon Icon--default cursor-pointer"
              data-test="DesignSystem-ModalHeader--CloseIcon"
              style="font-size: 20px; width: 20px;"
            >
              close
            </i>
          </div>
          <span
            class="Text Text--subtle Text--regular ModalHeader-subheading"
            data-test="DesignSystem-ModalHeader--Subheading"
          >
            Subheading
          </span>
        </div>
      </div>
    </div>
  </div>
  <div>
    <div />
  </div>
  <div
    class="Backdrop Backdrop--open Backdrop-animation--open"
    data-test="DesignSystem-Backdrop"
  />
</body>
`;

exports[`Modal component 
  dimension: "small", open: true
 1`] = `
<body
  style="overflow: hidden;"
>
  <div>
    <div />
  </div>
  <div
    class="Modal-wrapper"
  >
    <div
      class="Modal-container Modal-container--open"
      data-layer="true"
      data-test="DesignSystem-ModalContainer"
    >
      <div
        class="Modal Modal--small Modal--open Modal-animation--open"
        data-test="DesignSystem-Modal"
      >
        <div
          class="ModalHeader"
        >
          <div
            class="ModalHeader-headingWrapper"
            data-test="DesignSystem-ModalHeader"
          >
            <div
              class="ModalHeader-heading"
            >
              <h4
                class="Heading Heading--m Heading--default"
                data-test="DesignSystem-Heading"
              >
                Heading
              </h4>
            </div>
            <i
              class="material-icons Icon Icon--default cursor-pointer"
              data-test="DesignSystem-ModalHeader--CloseIcon"
              style="font-size: 20px; width: 20px;"
            >
              close
            </i>
          </div>
          <span
            class="Text Text--subtle Text--regular ModalHeader-subheading"
            data-test="DesignSystem-ModalHeader--Subheading"
          >
            Subheading
          </span>
        </div>
      </div>
    </div>
  </div>
  <div
    class="Backdrop Backdrop--open Backdrop-animation--open"
    data-test="DesignSystem-Backdrop"
  />
</body>
`;

exports[`Modal component 
  dimension: "small", open: true, backdropClose: "[Function]"
 1`] = `
<body
  style="overflow: hidden;"
>
  <div
    class="Modal-wrapper"
  >
    <div
      class="Modal-container Modal-container--open"
      data-layer="true"
      data-test="DesignSystem-ModalContainer"
    >
      <div
        class="Modal Modal--small Modal--open Modal-animation--open"
        data-test="DesignSystem-Modal"
      >
        <div
          class="ModalHeader"
        >
          <div
            class="ModalHeader-headingWrapper"
            data-test="DesignSystem-ModalHeader"
          >
            <div
              class="ModalHeader-heading"
            >
              <h4
                class="Heading Heading--m Heading--default"
                data-test="DesignSystem-Heading"
              >
                Heading
              </h4>
            </div>
            <i
              class="material-icons Icon Icon--default cursor-pointer"
              data-test="DesignSystem-ModalHeader--CloseIcon"
              style="font-size: 20px; width: 20px;"
            >
              close
            </i>
          </div>
          <span
            class="Text Text--subtle Text--regular ModalHeader-subheading"
            data-test="DesignSystem-ModalHeader--Subheading"
          >
            Subheading
          </span>
        </div>
      </div>
    </div>
  </div>
  <div>
    <div />
  </div>
  <div
    class="Backdrop Backdrop--open Backdrop-animation--open"
    data-test="DesignSystem-Backdrop"
  />
</body>
`;
