// Jest Snapshot v1, https://goo.gl/fbAQLP

exports[`DonutChart component 
  donutWidth: 50
 1`] = `
<Row
  utilityClass="DonutChart"
>
  <Column
    size="12"
    sizeS="12"
    sizeXS="12"
  >
    <ResponsiveContainer
      debounce={0}
      height="100%"
      width="100%"
    >
      <PieChart
        barCategoryGap="10%"
        barGap={4}
        cx="50%"
        cy="50%"
        endAngle={360}
        innerRadius={0}
        layout="centric"
        margin={
          Object {
            "bottom": 5,
            "left": 5,
            "right": 5,
            "top": 5,
          }
        }
        outerRadius="80%"
        reverseStackOrder={false}
        stackOffset="none"
        startAngle={0}
      >
        <Pie
          activeIndex={0}
          activeShape={[Function]}
          animationBegin={400}
          animationDuration={1500}
          animationEasing="ease"
          blendStroke={false}
          cx="50%"
          cy="50%"
          data={
            Array [
              Object {
                "name": "Group A",
                "value": 400,
              },
              Object {
                "name": "Group B",
                "value": 300,
              },
              Object {
                "name": "Group C",
                "value": 300,
              },
              Object {
                "name": "Group D",
                "value": 200,
              },
            ]
          }
          dataKey="value"
          endAngle={360}
          fill="#808080"
          hide={false}
          innerRadius="50%"
          isAnimationActive={true}
          labelLine={true}
          legendType="rect"
          minAngle={0}
          nameKey="name"
          onMouseEnter={[Function]}
          outerRadius="100%"
          paddingAngle={0}
          startAngle={0}
          stroke="#fff"
        >
          <Cell
            fill=""
            key="0"
          />
          <Cell
            fill=""
            key="1"
          />
          <Cell
            fill=""
            key="2"
          />
          <Cell
            fill=""
            key="3"
          />
        </Pie>
      </PieChart>
    </ResponsiveContainer>
  </Column>
</Row>
`;

exports[`DonutChart component 
  radius: 100
 1`] = `
<Row
  utilityClass="DonutChart"
>
  <Column
    size="12"
    sizeS="12"
    sizeXS="12"
  >
    <ResponsiveContainer
      debounce={0}
      height="100%"
      width="100%"
    >
      <PieChart
        barCategoryGap="10%"
        barGap={4}
        cx="50%"
        cy="50%"
        endAngle={360}
        innerRadius={0}
        layout="centric"
        margin={
          Object {
            "bottom": 5,
            "left": 5,
            "right": 5,
            "top": 5,
          }
        }
        outerRadius="80%"
        reverseStackOrder={false}
        stackOffset="none"
        startAngle={0}
      >
        <Pie
          activeIndex={0}
          activeShape={[Function]}
          animationBegin={400}
          animationDuration={1500}
          animationEasing="ease"
          blendStroke={false}
          cx="50%"
          cy="50%"
          data={
            Array [
              Object {
                "name": "Group A",
                "value": 400,
              },
              Object {
                "name": "Group B",
                "value": 300,
              },
              Object {
                "name": "Group C",
                "value": 300,
              },
              Object {
                "name": "Group D",
                "value": 200,
              },
            ]
          }
          dataKey="value"
          endAngle={360}
          fill="#808080"
          hide={false}
          innerRadius={80}
          isAnimationActive={true}
          labelLine={true}
          legendType="rect"
          minAngle={0}
          nameKey="name"
          onMouseEnter={[Function]}
          outerRadius={100}
          paddingAngle={0}
          startAngle={0}
          stroke="#fff"
        >
          <Cell
            fill=""
            key="0"
          />
          <Cell
            fill=""
            key="1"
          />
          <Cell
            fill=""
            key="2"
          />
          <Cell
            fill=""
            key="3"
          />
        </Pie>
      </PieChart>
    </ResponsiveContainer>
  </Column>
</Row>
`;

exports[`DonutChart component 
  withActiveSegment: false
 1`] = `
<Row
  utilityClass="DonutChart"
>
  <Column
    size="12"
    sizeS="12"
    sizeXS="12"
  >
    <ResponsiveContainer
      debounce={0}
      height="100%"
      width="100%"
    >
      <PieChart
        barCategoryGap="10%"
        barGap={4}
        cx="50%"
        cy="50%"
        endAngle={360}
        innerRadius={0}
        layout="centric"
        margin={
          Object {
            "bottom": 5,
            "left": 5,
            "right": 5,
            "top": 5,
          }
        }
        outerRadius="80%"
        reverseStackOrder={false}
        stackOffset="none"
        startAngle={0}
      >
        <Pie
          activeIndex={0}
          activeShape={[Function]}
          animationBegin={400}
          animationDuration={1500}
          animationEasing="ease"
          blendStroke={false}
          cx="50%"
          cy="50%"
          data={
            Array [
              Object {
                "name": "Group A",
                "value": 400,
              },
              Object {
                "name": "Group B",
                "value": 300,
              },
              Object {
                "name": "Group C",
                "value": 300,
              },
              Object {
                "name": "Group D",
                "value": 200,
              },
            ]
          }
          dataKey="value"
          endAngle={360}
          fill="#808080"
          hide={false}
          innerRadius="80%"
          isAnimationActive={true}
          labelLine={true}
          legendType="rect"
          minAngle={0}
          nameKey="name"
          onMouseEnter={[Function]}
          outerRadius="100%"
          paddingAngle={0}
          startAngle={0}
          stroke="#fff"
        >
          <Cell
            fill=""
            key="0"
          />
          <Cell
            fill=""
            key="1"
          />
          <Cell
            fill=""
            key="2"
          />
          <Cell
            fill=""
            key="3"
          />
        </Pie>
      </PieChart>
    </ResponsiveContainer>
  </Column>
</Row>
`;

exports[`DonutChart component 
  withActiveSegment: true
 1`] = `
<Row
  utilityClass="DonutChart"
>
  <Column
    size="12"
    sizeS="12"
    sizeXS="12"
  >
    <ResponsiveContainer
      debounce={0}
      height="100%"
      width="100%"
    >
      <PieChart
        barCategoryGap="10%"
        barGap={4}
        cx="50%"
        cy="50%"
        endAngle={360}
        innerRadius={0}
        layout="centric"
        margin={
          Object {
            "bottom": 5,
            "left": 5,
            "right": 5,
            "top": 5,
          }
        }
        outerRadius="80%"
        reverseStackOrder={false}
        stackOffset="none"
        startAngle={0}
      >
        <Pie
          activeIndex={0}
          activeShape={[Function]}
          animationBegin={400}
          animationDuration={1500}
          animationEasing="ease"
          blendStroke={false}
          cx="50%"
          cy="50%"
          data={
            Array [
              Object {
                "name": "Group A",
                "value": 400,
              },
              Object {
                "name": "Group B",
                "value": 300,
              },
              Object {
                "name": "Group C",
                "value": 300,
              },
              Object {
                "name": "Group D",
                "value": 200,
              },
            ]
          }
          dataKey="value"
          endAngle={360}
          fill="#808080"
          hide={false}
          innerRadius="58%"
          isAnimationActive={true}
          labelLine={true}
          legendType="rect"
          minAngle={0}
          nameKey="name"
          onMouseEnter={[Function]}
          outerRadius="72.5%"
          paddingAngle={0}
          startAngle={0}
          stroke="#fff"
        >
          <Cell
            fill=""
            key="0"
          />
          <Cell
            fill=""
            key="1"
          />
          <Cell
            fill=""
            key="2"
          />
          <Cell
            fill=""
            key="3"
          />
        </Pie>
      </PieChart>
    </ResponsiveContainer>
  </Column>
</Row>
`;

exports[`DonutChart component 
  withCenterText: false
 1`] = `
<Row
  utilityClass="DonutChart"
>
  <Column
    size="12"
    sizeS="12"
    sizeXS="12"
  >
    <ResponsiveContainer
      debounce={0}
      height="100%"
      width="100%"
    >
      <PieChart
        barCategoryGap="10%"
        barGap={4}
        cx="50%"
        cy="50%"
        endAngle={360}
        innerRadius={0}
        layout="centric"
        margin={
          Object {
            "bottom": 5,
            "left": 5,
            "right": 5,
            "top": 5,
          }
        }
        outerRadius="80%"
        reverseStackOrder={false}
        stackOffset="none"
        startAngle={0}
      >
        <Pie
          activeIndex={0}
          activeShape={[Function]}
          animationBegin={400}
          animationDuration={1500}
          animationEasing="ease"
          blendStroke={false}
          cx="50%"
          cy="50%"
          data={
            Array [
              Object {
                "name": "Group A",
                "value": 400,
              },
              Object {
                "name": "Group B",
                "value": 300,
              },
              Object {
                "name": "Group C",
                "value": 300,
              },
              Object {
                "name": "Group D",
                "value": 200,
              },
            ]
          }
          dataKey="value"
          endAngle={360}
          fill="#808080"
          hide={false}
          innerRadius="80%"
          isAnimationActive={true}
          labelLine={true}
          legendType="rect"
          minAngle={0}
          nameKey="name"
          onMouseEnter={[Function]}
          outerRadius="100%"
          paddingAngle={0}
          startAngle={0}
          stroke="#fff"
        >
          <Cell
            fill=""
            key="0"
          />
          <Cell
            fill=""
            key="1"
          />
          <Cell
            fill=""
            key="2"
          />
          <Cell
            fill=""
            key="3"
          />
        </Pie>
      </PieChart>
    </ResponsiveContainer>
  </Column>
</Row>
`;

exports[`DonutChart component 
  withCenterText: true
 1`] = `
<Row
  utilityClass="DonutChart"
>
  <Column
    size="12"
    sizeS="12"
    sizeXS="12"
  >
    <ResponsiveContainer
      debounce={0}
      height="100%"
      width="100%"
    >
      <PieChart
        barCategoryGap="10%"
        barGap={4}
        cx="50%"
        cy="50%"
        endAngle={360}
        innerRadius={0}
        layout="centric"
        margin={
          Object {
            "bottom": 5,
            "left": 5,
            "right": 5,
            "top": 5,
          }
        }
        outerRadius="80%"
        reverseStackOrder={false}
        stackOffset="none"
        startAngle={0}
      >
        <Pie
          activeIndex={0}
          activeShape={[Function]}
          animationBegin={400}
          animationDuration={1500}
          animationEasing="ease"
          blendStroke={false}
          cx="50%"
          cy="50%"
          data={
            Array [
              Object {
                "name": "Group A",
                "value": 400,
              },
              Object {
                "name": "Group B",
                "value": 300,
              },
              Object {
                "name": "Group C",
                "value": 300,
              },
              Object {
                "name": "Group D",
                "value": 200,
              },
            ]
          }
          dataKey="value"
          endAngle={360}
          fill="#808080"
          hide={false}
          innerRadius="80%"
          isAnimationActive={true}
          labelLine={true}
          legendType="rect"
          minAngle={0}
          nameKey="name"
          onMouseEnter={[Function]}
          outerRadius="100%"
          paddingAngle={0}
          startAngle={0}
          stroke="#fff"
        >
          <Cell
            fill=""
            key="0"
          />
          <Cell
            fill=""
            key="1"
          />
          <Cell
            fill=""
            key="2"
          />
          <Cell
            fill=""
            key="3"
          />
        </Pie>
      </PieChart>
    </ResponsiveContainer>
  </Column>
</Row>
`;

exports[`DonutChart component 
  withLegends: false
 1`] = `
<Row
  utilityClass="DonutChart"
>
  <Column
    size="12"
    sizeS="12"
    sizeXS="12"
  >
    <ResponsiveContainer
      debounce={0}
      height="100%"
      width="100%"
    >
      <PieChart
        barCategoryGap="10%"
        barGap={4}
        cx="50%"
        cy="50%"
        endAngle={360}
        innerRadius={0}
        layout="centric"
        margin={
          Object {
            "bottom": 5,
            "left": 5,
            "right": 5,
            "top": 5,
          }
        }
        outerRadius="80%"
        reverseStackOrder={false}
        stackOffset="none"
        startAngle={0}
      >
        <Pie
          activeIndex={0}
          activeShape={[Function]}
          animationBegin={400}
          animationDuration={1500}
          animationEasing="ease"
          blendStroke={false}
          cx="50%"
          cy="50%"
          data={
            Array [
              Object {
                "name": "Group A",
                "value": 400,
              },
              Object {
                "name": "Group B",
                "value": 300,
              },
              Object {
                "name": "Group C",
                "value": 300,
              },
              Object {
                "name": "Group D",
                "value": 200,
              },
            ]
          }
          dataKey="value"
          endAngle={360}
          fill="#808080"
          hide={false}
          innerRadius="80%"
          isAnimationActive={true}
          labelLine={true}
          legendType="rect"
          minAngle={0}
          nameKey="name"
          onMouseEnter={[Function]}
          outerRadius="100%"
          paddingAngle={0}
          startAngle={0}
          stroke="#fff"
        >
          <Cell
            fill=""
            key="0"
          />
          <Cell
            fill=""
            key="1"
          />
          <Cell
            fill=""
            key="2"
          />
          <Cell
            fill=""
            key="3"
          />
        </Pie>
      </PieChart>
    </ResponsiveContainer>
  </Column>
</Row>
`;

exports[`DonutChart component 
  withLegends: true
 1`] = `
<Row
  utilityClass="DonutChart"
>
  <Column
    size="9"
    sizeS="12"
    sizeXS="12"
  >
    <ResponsiveContainer
      debounce={0}
      height="100%"
      width="100%"
    >
      <PieChart
        barCategoryGap="10%"
        barGap={4}
        cx="50%"
        cy="50%"
        endAngle={360}
        innerRadius={0}
        layout="centric"
        margin={
          Object {
            "bottom": 5,
            "left": 5,
            "right": 5,
            "top": 5,
          }
        }
        outerRadius="80%"
        reverseStackOrder={false}
        stackOffset="none"
        startAngle={0}
      >
        <Pie
          activeIndex={0}
          activeShape={[Function]}
          animationBegin={400}
          animationDuration={1500}
          animationEasing="ease"
          blendStroke={false}
          cx="50%"
          cy="50%"
          data={
            Array [
              Object {
                "name": "Group A",
                "value": 400,
              },
              Object {
                "name": "Group B",
                "value": 300,
              },
              Object {
                "name": "Group C",
                "value": 300,
              },
              Object {
                "name": "Group D",
                "value": 200,
              },
            ]
          }
          dataKey="value"
          endAngle={360}
          fill="#808080"
          hide={false}
          innerRadius="80%"
          isAnimationActive={true}
          labelLine={true}
          legendType="rect"
          minAngle={0}
          nameKey="name"
          onMouseEnter={[Function]}
          outerRadius="100%"
          paddingAngle={0}
          startAngle={0}
          stroke="#fff"
        >
          <Cell
            fill=""
            key="0"
          />
          <Cell
            fill=""
            key="1"
          />
          <Cell
            fill=""
            key="2"
          />
          <Cell
            fill=""
            key="3"
          />
        </Pie>
      </PieChart>
    </ResponsiveContainer>
  </Column>
  <Column
    size="3"
    sizeS="12"
    sizeXS="12"
    utilityClass="DonutChart-legends"
  >
    <Legend
      iconAppearance="primary"
      key="0"
      label="Group A - 400"
    />
    <Legend
      iconAppearance="secondary"
      key="1"
      label="Group B - 300"
    />
    <Legend
      iconAppearance="inverse"
      key="2"
      label="Group C - 300"
    />
    <Legend
      iconAppearance="success"
      key="3"
      label="Group D - 200"
    />
  </Column>
</Row>
`;

exports[`DonutChart component 
  withTooltip: false
 1`] = `
<Row
  utilityClass="DonutChart"
>
  <Column
    size="12"
    sizeS="12"
    sizeXS="12"
  >
    <ResponsiveContainer
      debounce={0}
      height="100%"
      width="100%"
    >
      <PieChart
        barCategoryGap="10%"
        barGap={4}
        cx="50%"
        cy="50%"
        endAngle={360}
        innerRadius={0}
        layout="centric"
        margin={
          Object {
            "bottom": 5,
            "left": 5,
            "right": 5,
            "top": 5,
          }
        }
        outerRadius="80%"
        reverseStackOrder={false}
        stackOffset="none"
        startAngle={0}
      >
        <Pie
          activeIndex={0}
          activeShape={[Function]}
          animationBegin={400}
          animationDuration={1500}
          animationEasing="ease"
          blendStroke={false}
          cx="50%"
          cy="50%"
          data={
            Array [
              Object {
                "name": "Group A",
                "value": 400,
              },
              Object {
                "name": "Group B",
                "value": 300,
              },
              Object {
                "name": "Group C",
                "value": 300,
              },
              Object {
                "name": "Group D",
                "value": 200,
              },
            ]
          }
          dataKey="value"
          endAngle={360}
          fill="#808080"
          hide={false}
          innerRadius="80%"
          isAnimationActive={true}
          labelLine={true}
          legendType="rect"
          minAngle={0}
          nameKey="name"
          onMouseEnter={[Function]}
          outerRadius="100%"
          paddingAngle={0}
          startAngle={0}
          stroke="#fff"
        >
          <Cell
            fill=""
            key="0"
          />
          <Cell
            fill=""
            key="1"
          />
          <Cell
            fill=""
            key="2"
          />
          <Cell
            fill=""
            key="3"
          />
        </Pie>
      </PieChart>
    </ResponsiveContainer>
  </Column>
</Row>
`;

exports[`DonutChart component 
  withTooltip: true
 1`] = `
<Row
  utilityClass="DonutChart"
>
  <Column
    size="12"
    sizeS="12"
    sizeXS="12"
  >
    <ResponsiveContainer
      debounce={0}
      height="100%"
      width="100%"
    >
      <PieChart
        barCategoryGap="10%"
        barGap={4}
        cx="50%"
        cy="50%"
        endAngle={360}
        innerRadius={0}
        layout="centric"
        margin={
          Object {
            "bottom": 5,
            "left": 5,
            "right": 5,
            "top": 5,
          }
        }
        outerRadius="80%"
        reverseStackOrder={false}
        stackOffset="none"
        startAngle={0}
      >
        <Pie
          activeIndex={0}
          activeShape={[Function]}
          animationBegin={400}
          animationDuration={1500}
          animationEasing="ease"
          blendStroke={false}
          cx="50%"
          cy="50%"
          data={
            Array [
              Object {
                "name": "Group A",
                "value": 400,
              },
              Object {
                "name": "Group B",
                "value": 300,
              },
              Object {
                "name": "Group C",
                "value": 300,
              },
              Object {
                "name": "Group D",
                "value": 200,
              },
            ]
          }
          dataKey="value"
          endAngle={360}
          fill="#808080"
          hide={false}
          innerRadius="80%"
          isAnimationActive={true}
          labelLine={true}
          legendType="rect"
          minAngle={0}
          nameKey="name"
          onMouseEnter={[Function]}
          outerRadius="100%"
          paddingAngle={0}
          startAngle={0}
          stroke="#fff"
        >
          <Cell
            fill=""
            key="0"
          />
          <Cell
            fill=""
            key="1"
          />
          <Cell
            fill=""
            key="2"
          />
          <Cell
            fill=""
            key="3"
          />
        </Pie>
        <Tooltip
          active={false}
          allowEscapeViewBox={
            Object {
              "x": false,
              "y": false,
            }
          }
          animationDuration={400}
          animationEasing="ease"
          contentStyle={Object {}}
          coordinate={
            Object {
              "x": 0,
              "y": 0,
            }
          }
          cursor={true}
          cursorStyle={Object {}}
          filterNull={true}
          isAnimationActive={true}
          itemStyle={Object {}}
          labelStyle={Object {}}
          offset={10}
          separator=" : "
          useTranslate3d={false}
          viewBox={
            Object {
              "x1": 0,
              "x2": 0,
              "y1": 0,
              "y2": 0,
            }
          }
          wrapperStyle={Object {}}
        />
      </PieChart>
    </ResponsiveContainer>
  </Column>
</Row>
`;
