// Jest Snapshot v1, https://goo.gl/fbAQLP

exports[`Dialog component 
  onClose: "[Function]", open: true, heading: "Sample String", icon: "Sample String", title: "Sample String", description: "Sample String", closeOnBackdrop: "[Function]", primaryButtonLabel: "Sample String", secondaryButtonLabel: "Sample String", primaryButtonCallback: "[Function]", primaryButtonAppearance: "alert"
 1`] = `
<body
  style="overflow: hidden;"
>
  <div
    class="Modal-wrapper"
  >
    <div
      class="Modal-container Modal-container--open"
      data-layer="true"
      data-test="DesignSystem-ModalContainer"
    >
      <div
        class="Modal Modal--small Modal--open Modal-animation--open"
        data-test="DesignSystem-Dialog"
      >
        <div
          class="ModalHeader"
        >
          <div
            class="ModalHeader-headingWrapper"
            data-test="DesignSystem-ModalHeader"
          >
            <div
              class="ModalHeader-heading"
            >
              <h4
                class="Heading Heading--m Heading--default"
                data-test="DesignSystem-Heading"
              >
                Sample String
              </h4>
            </div>
            <i
              class="material-icons Icon Icon--default cursor-pointer"
              data-test="DesignSystem-ModalHeader--CloseIcon"
              style="font-size: 20px; width: 20px;"
            >
              close
            </i>
          </div>
        </div>
        <div
          class="Modal-description pl-6 pr-6"
          data-test="DesignSystem-ModalDescription"
        >
          <div
            class="mb-3"
          >
            <span
              class="Text Text--default Text--strong Text--regular"
              data-test="DesignSystem-ModalDescription--Title"
            >
              Sample String
            </span>
          </div>
          <div>
            <span
              class="Text Text--default Text--regular"
              data-test="DesignSystem-ModalDescription--Description"
            >
              Sample String
            </span>
          </div>
        </div>
        <div
          class="Modal-footer"
          data-test="DesignSystem-ModalFooter"
        >
          <button
            class="Button Button--regular Button--basic Button--iconAlign-left"
            data-test="DesignSystem-Dialog--SecondaryButton"
            tabindex="0"
          >
            Sample String
          </button>
          <button
            class="Button Button--regular Button--alert Button--iconAlign-left"
            data-test="DesignSystem-Dialog--PrimaryButton"
            tabindex="0"
          >
            Sample String
          </button>
        </div>
      </div>
    </div>
  </div>
  <div>
    <div />
  </div>
  <div
    class="Backdrop Backdrop--open Backdrop-animation--open"
    data-test="DesignSystem-Backdrop"
  />
</body>
`;

exports[`Dialog component 
  onClose: "[Function]", open: true, heading: "Sample String", icon: "Sample String", title: "Sample String", description: "Sample String", closeOnBackdrop: "[Function]", primaryButtonLabel: "Sample String", secondaryButtonLabel: "Sample String", primaryButtonCallback: "[Function]", primaryButtonAppearance: "basic"
 1`] = `
<body
  style="overflow: hidden;"
>
  <div>
    <div />
  </div>
  <div
    class="Modal-wrapper"
  >
    <div
      class="Modal-container Modal-container--open"
      data-layer="true"
      data-test="DesignSystem-ModalContainer"
    >
      <div
        class="Modal Modal--small Modal--open Modal-animation--open"
        data-test="DesignSystem-Dialog"
      >
        <div
          class="ModalHeader"
        >
          <div
            class="ModalHeader-headingWrapper"
            data-test="DesignSystem-ModalHeader"
          >
            <div
              class="ModalHeader-heading"
            >
              <h4
                class="Heading Heading--m Heading--default"
                data-test="DesignSystem-Heading"
              >
                Sample String
              </h4>
            </div>
            <i
              class="material-icons Icon Icon--default cursor-pointer"
              data-test="DesignSystem-ModalHeader--CloseIcon"
              style="font-size: 20px; width: 20px;"
            >
              close
            </i>
          </div>
        </div>
        <div
          class="Modal-description pl-6 pr-6"
          data-test="DesignSystem-ModalDescription"
        >
          <div
            class="mb-3"
          >
            <span
              class="Text Text--default Text--strong Text--regular"
              data-test="DesignSystem-ModalDescription--Title"
            >
              Sample String
            </span>
          </div>
          <div>
            <span
              class="Text Text--default Text--regular"
              data-test="DesignSystem-ModalDescription--Description"
            >
              Sample String
            </span>
          </div>
        </div>
        <div
          class="Modal-footer"
          data-test="DesignSystem-ModalFooter"
        >
          <button
            class="Button Button--regular Button--basic Button--iconAlign-left"
            data-test="DesignSystem-Dialog--SecondaryButton"
            tabindex="0"
          >
            Sample String
          </button>
          <button
            class="Button Button--regular Button--basic Button--iconAlign-left"
            data-test="DesignSystem-Dialog--PrimaryButton"
            tabindex="0"
          >
            Sample String
          </button>
        </div>
      </div>
    </div>
  </div>
  <div
    class="Backdrop Backdrop--open Backdrop-animation--open"
    data-test="DesignSystem-Backdrop"
  />
</body>
`;

exports[`Dialog component 
  onClose: "[Function]", open: true, heading: "Sample String", icon: "Sample String", title: "Sample String", description: "Sample String", closeOnBackdrop: "[Function]", primaryButtonLabel: "Sample String", secondaryButtonLabel: "Sample String", primaryButtonCallback: "[Function]", primaryButtonAppearance: "primary"
 1`] = `
<body
  style="overflow: hidden;"
>
  <div
    class="Modal-wrapper"
  >
    <div
      class="Modal-container Modal-container--open"
      data-layer="true"
      data-test="DesignSystem-ModalContainer"
    >
      <div
        class="Modal Modal--small Modal--open Modal-animation--open"
        data-test="DesignSystem-Dialog"
      >
        <div
          class="ModalHeader"
        >
          <div
            class="ModalHeader-headingWrapper"
            data-test="DesignSystem-ModalHeader"
          >
            <div
              class="ModalHeader-heading"
            >
              <h4
                class="Heading Heading--m Heading--default"
                data-test="DesignSystem-Heading"
              >
                Sample String
              </h4>
            </div>
            <i
              class="material-icons Icon Icon--default cursor-pointer"
              data-test="DesignSystem-ModalHeader--CloseIcon"
              style="font-size: 20px; width: 20px;"
            >
              close
            </i>
          </div>
        </div>
        <div
          class="Modal-description pl-6 pr-6"
          data-test="DesignSystem-ModalDescription"
        >
          <div
            class="mb-3"
          >
            <span
              class="Text Text--default Text--strong Text--regular"
              data-test="DesignSystem-ModalDescription--Title"
            >
              Sample String
            </span>
          </div>
          <div>
            <span
              class="Text Text--default Text--regular"
              data-test="DesignSystem-ModalDescription--Description"
            >
              Sample String
            </span>
          </div>
        </div>
        <div
          class="Modal-footer"
          data-test="DesignSystem-ModalFooter"
        >
          <button
            class="Button Button--regular Button--basic Button--iconAlign-left"
            data-test="DesignSystem-Dialog--SecondaryButton"
            tabindex="0"
          >
            Sample String
          </button>
          <button
            class="Button Button--regular Button--primary Button--iconAlign-left"
            data-test="DesignSystem-Dialog--PrimaryButton"
            tabindex="0"
          >
            Sample String
          </button>
        </div>
      </div>
    </div>
  </div>
  <div>
    <div />
  </div>
  <div
    class="Backdrop Backdrop--open Backdrop-animation--open"
    data-test="DesignSystem-Backdrop"
  />
</body>
`;

exports[`Dialog component 
  onClose: "[Function]", open: true, heading: "Sample String", icon: "Sample String", title: "Sample String", description: "Sample String", closeOnBackdrop: "[Function]", primaryButtonLabel: "Sample String", secondaryButtonLabel: "Sample String", primaryButtonCallback: "[Function]", primaryButtonAppearance: "success"
 1`] = `
<body
  style="overflow: hidden;"
>
  <div
    class="Modal-wrapper"
  >
    <div
      class="Modal-container Modal-container--open"
      data-layer="true"
      data-test="DesignSystem-ModalContainer"
    >
      <div
        class="Modal Modal--small Modal--open Modal-animation--open"
        data-test="DesignSystem-Dialog"
      >
        <div
          class="ModalHeader"
        >
          <div
            class="ModalHeader-headingWrapper"
            data-test="DesignSystem-ModalHeader"
          >
            <div
              class="ModalHeader-heading"
            >
              <h4
                class="Heading Heading--m Heading--default"
                data-test="DesignSystem-Heading"
              >
                Sample String
              </h4>
            </div>
            <i
              class="material-icons Icon Icon--default cursor-pointer"
              data-test="DesignSystem-ModalHeader--CloseIcon"
              style="font-size: 20px; width: 20px;"
            >
              close
            </i>
          </div>
        </div>
        <div
          class="Modal-description pl-6 pr-6"
          data-test="DesignSystem-ModalDescription"
        >
          <div
            class="mb-3"
          >
            <span
              class="Text Text--default Text--strong Text--regular"
              data-test="DesignSystem-ModalDescription--Title"
            >
              Sample String
            </span>
          </div>
          <div>
            <span
              class="Text Text--default Text--regular"
              data-test="DesignSystem-ModalDescription--Description"
            >
              Sample String
            </span>
          </div>
        </div>
        <div
          class="Modal-footer"
          data-test="DesignSystem-ModalFooter"
        >
          <button
            class="Button Button--regular Button--basic Button--iconAlign-left"
            data-test="DesignSystem-Dialog--SecondaryButton"
            tabindex="0"
          >
            Sample String
          </button>
          <button
            class="Button Button--regular Button--success Button--iconAlign-left"
            data-test="DesignSystem-Dialog--PrimaryButton"
            tabindex="0"
          >
            Sample String
          </button>
        </div>
      </div>
    </div>
  </div>
  <div>
    <div />
  </div>
  <div
    class="Backdrop Backdrop--open Backdrop-animation--open"
    data-test="DesignSystem-Backdrop"
  />
</body>
`;

exports[`Dialog component 
  onClose: "[Function]", open: true, heading: "Sample String", icon: "Sample String", title: "Sample String", description: "Sample String", closeOnBackdrop: "[Function]", primaryButtonLabel: "Sample String", secondaryButtonLabel: "Sample String", primaryButtonCallback: "[Function]", primaryButtonAppearance: "transparent"
 1`] = `
<body
  style="overflow: hidden;"
>
  <div
    class="Modal-wrapper"
  >
    <div
      class="Modal-container Modal-container--open"
      data-layer="true"
      data-test="DesignSystem-ModalContainer"
    >
      <div
        class="Modal Modal--small Modal--open Modal-animation--open"
        data-test="DesignSystem-Dialog"
      >
        <div
          class="ModalHeader"
        >
          <div
            class="ModalHeader-headingWrapper"
            data-test="DesignSystem-ModalHeader"
          >
            <div
              class="ModalHeader-heading"
            >
              <h4
                class="Heading Heading--m Heading--default"
                data-test="DesignSystem-Heading"
              >
                Sample String
              </h4>
            </div>
            <i
              class="material-icons Icon Icon--default cursor-pointer"
              data-test="DesignSystem-ModalHeader--CloseIcon"
              style="font-size: 20px; width: 20px;"
            >
              close
            </i>
          </div>
        </div>
        <div
          class="Modal-description pl-6 pr-6"
          data-test="DesignSystem-ModalDescription"
        >
          <div
            class="mb-3"
          >
            <span
              class="Text Text--default Text--strong Text--regular"
              data-test="DesignSystem-ModalDescription--Title"
            >
              Sample String
            </span>
          </div>
          <div>
            <span
              class="Text Text--default Text--regular"
              data-test="DesignSystem-ModalDescription--Description"
            >
              Sample String
            </span>
          </div>
        </div>
        <div
          class="Modal-footer"
          data-test="DesignSystem-ModalFooter"
        >
          <button
            class="Button Button--regular Button--basic Button--iconAlign-left"
            data-test="DesignSystem-Dialog--SecondaryButton"
            tabindex="0"
          >
            Sample String
          </button>
          <button
            class="Button Button--regular Button--transparent Button--iconAlign-left"
            data-test="DesignSystem-Dialog--PrimaryButton"
            tabindex="0"
          >
            Sample String
          </button>
        </div>
      </div>
    </div>
  </div>
  <div>
    <div />
  </div>
  <div
    class="Backdrop Backdrop--open Backdrop-animation--open"
    data-test="DesignSystem-Backdrop"
  />
</body>
`;

exports[`Dialog component 
  open: true, icon: "Sample String", title: "Sample String", heading: "Sample String", onClose: "[Function]", description: "Sample String", primaryButtonLabel: "Sample String", secondaryButtonLabel: "Sample String", dimension: "large"
 1`] = `
<body
  style="overflow: hidden;"
>
  <div
    class="Modal-wrapper"
  >
    <div
      class="Modal-container Modal-container--open"
      data-layer="true"
      data-test="DesignSystem-ModalContainer"
    >
      <div
        class="Modal Modal--large Modal--open Modal-animation--open"
        data-test="DesignSystem-Dialog"
      >
        <div
          class="ModalHeader"
        >
          <div
            class="ModalHeader-headingWrapper"
            data-test="DesignSystem-ModalHeader"
          >
            <div
              class="ModalHeader-heading"
            >
              <h4
                class="Heading Heading--m Heading--default"
                data-test="DesignSystem-Heading"
              >
                Sample String
              </h4>
            </div>
            <i
              class="material-icons Icon Icon--default cursor-pointer"
              data-test="DesignSystem-ModalHeader--CloseIcon"
              style="font-size: 20px; width: 20px;"
            >
              close
            </i>
          </div>
        </div>
        <div
          class="Modal-description pl-6 pr-6"
          data-test="DesignSystem-ModalDescription"
        >
          <div
            class="mb-3"
          >
            <span
              class="Text Text--default Text--strong Text--regular"
              data-test="DesignSystem-ModalDescription--Title"
            >
              Sample String
            </span>
          </div>
          <div>
            <span
              class="Text Text--default Text--regular"
              data-test="DesignSystem-ModalDescription--Description"
            >
              Sample String
            </span>
          </div>
        </div>
        <div
          class="Modal-footer"
          data-test="DesignSystem-ModalFooter"
        >
          <button
            class="Button Button--regular Button--basic Button--iconAlign-left"
            data-test="DesignSystem-Dialog--SecondaryButton"
            tabindex="0"
          >
            Sample String
          </button>
          <button
            class="Button Button--regular Button--primary Button--iconAlign-left"
            data-test="DesignSystem-Dialog--PrimaryButton"
            tabindex="0"
          >
            Sample String
          </button>
        </div>
      </div>
    </div>
  </div>
  <div>
    <div />
  </div>
  <div
    class="Backdrop Backdrop--open Backdrop-animation--open"
    data-test="DesignSystem-Backdrop"
  />
</body>
`;

exports[`Dialog component 
  open: true, icon: "Sample String", title: "Sample String", heading: "Sample String", onClose: "[Function]", description: "Sample String", primaryButtonLabel: "Sample String", secondaryButtonLabel: "Sample String", dimension: "medium"
 1`] = `
<body
  style="overflow: hidden;"
>
  <div
    class="Modal-wrapper"
  >
    <div
      class="Modal-container Modal-container--open"
      data-layer="true"
      data-test="DesignSystem-ModalContainer"
    >
      <div
        class="Modal Modal--medium Modal--open Modal-animation--open"
        data-test="DesignSystem-Dialog"
      >
        <div
          class="ModalHeader"
        >
          <div
            class="ModalHeader-headingWrapper"
            data-test="DesignSystem-ModalHeader"
          >
            <div
              class="ModalHeader-heading"
            >
              <h4
                class="Heading Heading--m Heading--default"
                data-test="DesignSystem-Heading"
              >
                Sample String
              </h4>
            </div>
            <i
              class="material-icons Icon Icon--default cursor-pointer"
              data-test="DesignSystem-ModalHeader--CloseIcon"
              style="font-size: 20px; width: 20px;"
            >
              close
            </i>
          </div>
        </div>
        <div
          class="Modal-description pl-6 pr-6"
          data-test="DesignSystem-ModalDescription"
        >
          <div
            class="mb-3"
          >
            <span
              class="Text Text--default Text--strong Text--regular"
              data-test="DesignSystem-ModalDescription--Title"
            >
              Sample String
            </span>
          </div>
          <div>
            <span
              class="Text Text--default Text--regular"
              data-test="DesignSystem-ModalDescription--Description"
            >
              Sample String
            </span>
          </div>
        </div>
        <div
          class="Modal-footer"
          data-test="DesignSystem-ModalFooter"
        >
          <button
            class="Button Button--regular Button--basic Button--iconAlign-left"
            data-test="DesignSystem-Dialog--SecondaryButton"
            tabindex="0"
          >
            Sample String
          </button>
          <button
            class="Button Button--regular Button--primary Button--iconAlign-left"
            data-test="DesignSystem-Dialog--PrimaryButton"
            tabindex="0"
          >
            Sample String
          </button>
        </div>
      </div>
    </div>
  </div>
  <div>
    <div />
  </div>
  <div
    class="Backdrop Backdrop--open Backdrop-animation--open"
    data-test="DesignSystem-Backdrop"
  />
</body>
`;

exports[`Dialog component 
  open: true, icon: "Sample String", title: "Sample String", heading: "Sample String", onClose: "[Function]", description: "Sample String", primaryButtonLabel: "Sample String", secondaryButtonLabel: "Sample String", dimension: "small"
 1`] = `
<body
  style="overflow: hidden;"
>
  <div
    class="Modal-wrapper"
  >
    <div
      class="Modal-container Modal-container--open"
      data-layer="true"
      data-test="DesignSystem-ModalContainer"
    >
      <div
        class="Modal Modal--small Modal--open Modal-animation--open"
        data-test="DesignSystem-Dialog"
      >
        <div
          class="ModalHeader"
        >
          <div
            class="ModalHeader-headingWrapper"
            data-test="DesignSystem-ModalHeader"
          >
            <div
              class="ModalHeader-heading"
            >
              <h4
                class="Heading Heading--m Heading--default"
                data-test="DesignSystem-Heading"
              >
                Sample String
              </h4>
            </div>
            <i
              class="material-icons Icon Icon--default cursor-pointer"
              data-test="DesignSystem-ModalHeader--CloseIcon"
              style="font-size: 20px; width: 20px;"
            >
              close
            </i>
          </div>
        </div>
        <div
          class="Modal-description pl-6 pr-6"
          data-test="DesignSystem-ModalDescription"
        >
          <div
            class="mb-3"
          >
            <span
              class="Text Text--default Text--strong Text--regular"
              data-test="DesignSystem-ModalDescription--Title"
            >
              Sample String
            </span>
          </div>
          <div>
            <span
              class="Text Text--default Text--regular"
              data-test="DesignSystem-ModalDescription--Description"
            >
              Sample String
            </span>
          </div>
        </div>
        <div
          class="Modal-footer"
          data-test="DesignSystem-ModalFooter"
        >
          <button
            class="Button Button--regular Button--basic Button--iconAlign-left"
            data-test="DesignSystem-Dialog--SecondaryButton"
            tabindex="0"
          >
            Sample String
          </button>
          <button
            class="Button Button--regular Button--primary Button--iconAlign-left"
            data-test="DesignSystem-Dialog--PrimaryButton"
            tabindex="0"
          >
            Sample String
          </button>
        </div>
      </div>
    </div>
  </div>
  <div>
    <div />
  </div>
  <div
    class="Backdrop Backdrop--open Backdrop-animation--open"
    data-test="DesignSystem-Backdrop"
  />
</body>
`;

exports[`Dialog component 
  open: true, icon: "Sample String", title: "Sample String", heading: "Sample String", onClose: "[Function]", description: "Sample String", primaryButtonLabel: "Sample String", secondaryButtonLabel: "Sample String", secondaryButtonCallback: "[Function]", secondaryButtonAppearance: "alert"
 1`] = `
<body
  style="overflow: hidden;"
>
  <div
    class="Modal-wrapper"
  >
    <div
      class="Modal-container Modal-container--open"
      data-layer="true"
      data-test="DesignSystem-ModalContainer"
    >
      <div
        class="Modal Modal--small Modal--open Modal-animation--open"
        data-test="DesignSystem-Dialog"
      >
        <div
          class="ModalHeader"
        >
          <div
            class="ModalHeader-headingWrapper"
            data-test="DesignSystem-ModalHeader"
          >
            <div
              class="ModalHeader-heading"
            >
              <h4
                class="Heading Heading--m Heading--default"
                data-test="DesignSystem-Heading"
              >
                Sample String
              </h4>
            </div>
            <i
              class="material-icons Icon Icon--default cursor-pointer"
              data-test="DesignSystem-ModalHeader--CloseIcon"
              style="font-size: 20px; width: 20px;"
            >
              close
            </i>
          </div>
        </div>
        <div
          class="Modal-description pl-6 pr-6"
          data-test="DesignSystem-ModalDescription"
        >
          <div
            class="mb-3"
          >
            <span
              class="Text Text--default Text--strong Text--regular"
              data-test="DesignSystem-ModalDescription--Title"
            >
              Sample String
            </span>
          </div>
          <div>
            <span
              class="Text Text--default Text--regular"
              data-test="DesignSystem-ModalDescription--Description"
            >
              Sample String
            </span>
          </div>
        </div>
        <div
          class="Modal-footer"
          data-test="DesignSystem-ModalFooter"
        >
          <button
            class="Button Button--regular Button--alert Button--iconAlign-left"
            data-test="DesignSystem-Dialog--SecondaryButton"
            tabindex="0"
          >
            Sample String
          </button>
          <button
            class="Button Button--regular Button--primary Button--iconAlign-left"
            data-test="DesignSystem-Dialog--PrimaryButton"
            tabindex="0"
          >
            Sample String
          </button>
        </div>
      </div>
    </div>
  </div>
  <div>
    <div />
  </div>
  <div
    class="Backdrop Backdrop--open Backdrop-animation--open"
    data-test="DesignSystem-Backdrop"
  />
</body>
`;

exports[`Dialog component 
  open: true, icon: "Sample String", title: "Sample String", heading: "Sample String", onClose: "[Function]", description: "Sample String", primaryButtonLabel: "Sample String", secondaryButtonLabel: "Sample String", secondaryButtonCallback: "[Function]", secondaryButtonAppearance: "basic"
 1`] = `
<body
  style="overflow: hidden;"
>
  <div
    class="Modal-wrapper"
  >
    <div
      class="Modal-container Modal-container--open"
      data-layer="true"
      data-test="DesignSystem-ModalContainer"
    >
      <div
        class="Modal Modal--small Modal--open Modal-animation--open"
        data-test="DesignSystem-Dialog"
      >
        <div
          class="ModalHeader"
        >
          <div
            class="ModalHeader-headingWrapper"
            data-test="DesignSystem-ModalHeader"
          >
            <div
              class="ModalHeader-heading"
            >
              <h4
                class="Heading Heading--m Heading--default"
                data-test="DesignSystem-Heading"
              >
                Sample String
              </h4>
            </div>
            <i
              class="material-icons Icon Icon--default cursor-pointer"
              data-test="DesignSystem-ModalHeader--CloseIcon"
              style="font-size: 20px; width: 20px;"
            >
              close
            </i>
          </div>
        </div>
        <div
          class="Modal-description pl-6 pr-6"
          data-test="DesignSystem-ModalDescription"
        >
          <div
            class="mb-3"
          >
            <span
              class="Text Text--default Text--strong Text--regular"
              data-test="DesignSystem-ModalDescription--Title"
            >
              Sample String
            </span>
          </div>
          <div>
            <span
              class="Text Text--default Text--regular"
              data-test="DesignSystem-ModalDescription--Description"
            >
              Sample String
            </span>
          </div>
        </div>
        <div
          class="Modal-footer"
          data-test="DesignSystem-ModalFooter"
        >
          <button
            class="Button Button--regular Button--basic Button--iconAlign-left"
            data-test="DesignSystem-Dialog--SecondaryButton"
            tabindex="0"
          >
            Sample String
          </button>
          <button
            class="Button Button--regular Button--primary Button--iconAlign-left"
            data-test="DesignSystem-Dialog--PrimaryButton"
            tabindex="0"
          >
            Sample String
          </button>
        </div>
      </div>
    </div>
  </div>
  <div>
    <div />
  </div>
  <div
    class="Backdrop Backdrop--open Backdrop-animation--open"
    data-test="DesignSystem-Backdrop"
  />
</body>
`;

exports[`Dialog component 
  open: true, icon: "Sample String", title: "Sample String", heading: "Sample String", onClose: "[Function]", description: "Sample String", primaryButtonLabel: "Sample String", secondaryButtonLabel: "Sample String", secondaryButtonCallback: "[Function]", secondaryButtonAppearance: "primary"
 1`] = `
<body
  style="overflow: hidden;"
>
  <div
    class="Modal-wrapper"
  >
    <div
      class="Modal-container Modal-container--open"
      data-layer="true"
      data-test="DesignSystem-ModalContainer"
    >
      <div
        class="Modal Modal--small Modal--open Modal-animation--open"
        data-test="DesignSystem-Dialog"
      >
        <div
          class="ModalHeader"
        >
          <div
            class="ModalHeader-headingWrapper"
            data-test="DesignSystem-ModalHeader"
          >
            <div
              class="ModalHeader-heading"
            >
              <h4
                class="Heading Heading--m Heading--default"
                data-test="DesignSystem-Heading"
              >
                Sample String
              </h4>
            </div>
            <i
              class="material-icons Icon Icon--default cursor-pointer"
              data-test="DesignSystem-ModalHeader--CloseIcon"
              style="font-size: 20px; width: 20px;"
            >
              close
            </i>
          </div>
        </div>
        <div
          class="Modal-description pl-6 pr-6"
          data-test="DesignSystem-ModalDescription"
        >
          <div
            class="mb-3"
          >
            <span
              class="Text Text--default Text--strong Text--regular"
              data-test="DesignSystem-ModalDescription--Title"
            >
              Sample String
            </span>
          </div>
          <div>
            <span
              class="Text Text--default Text--regular"
              data-test="DesignSystem-ModalDescription--Description"
            >
              Sample String
            </span>
          </div>
        </div>
        <div
          class="Modal-footer"
          data-test="DesignSystem-ModalFooter"
        >
          <button
            class="Button Button--regular Button--primary Button--iconAlign-left"
            data-test="DesignSystem-Dialog--SecondaryButton"
            tabindex="0"
          >
            Sample String
          </button>
          <button
            class="Button Button--regular Button--primary Button--iconAlign-left"
            data-test="DesignSystem-Dialog--PrimaryButton"
            tabindex="0"
          >
            Sample String
          </button>
        </div>
      </div>
    </div>
  </div>
  <div>
    <div />
  </div>
  <div
    class="Backdrop Backdrop--open Backdrop-animation--open"
    data-test="DesignSystem-Backdrop"
  />
</body>
`;

exports[`Dialog component 
  open: true, icon: "Sample String", title: "Sample String", heading: "Sample String", onClose: "[Function]", description: "Sample String", primaryButtonLabel: "Sample String", secondaryButtonLabel: "Sample String", secondaryButtonCallback: "[Function]", secondaryButtonAppearance: "success"
 1`] = `
<body
  style="overflow: hidden;"
>
  <div
    class="Modal-wrapper"
  >
    <div
      class="Modal-container Modal-container--open"
      data-layer="true"
      data-test="DesignSystem-ModalContainer"
    >
      <div
        class="Modal Modal--small Modal--open Modal-animation--open"
        data-test="DesignSystem-Dialog"
      >
        <div
          class="ModalHeader"
        >
          <div
            class="ModalHeader-headingWrapper"
            data-test="DesignSystem-ModalHeader"
          >
            <div
              class="ModalHeader-heading"
            >
              <h4
                class="Heading Heading--m Heading--default"
                data-test="DesignSystem-Heading"
              >
                Sample String
              </h4>
            </div>
            <i
              class="material-icons Icon Icon--default cursor-pointer"
              data-test="DesignSystem-ModalHeader--CloseIcon"
              style="font-size: 20px; width: 20px;"
            >
              close
            </i>
          </div>
        </div>
        <div
          class="Modal-description pl-6 pr-6"
          data-test="DesignSystem-ModalDescription"
        >
          <div
            class="mb-3"
          >
            <span
              class="Text Text--default Text--strong Text--regular"
              data-test="DesignSystem-ModalDescription--Title"
            >
              Sample String
            </span>
          </div>
          <div>
            <span
              class="Text Text--default Text--regular"
              data-test="DesignSystem-ModalDescription--Description"
            >
              Sample String
            </span>
          </div>
        </div>
        <div
          class="Modal-footer"
          data-test="DesignSystem-ModalFooter"
        >
          <button
            class="Button Button--regular Button--success Button--iconAlign-left"
            data-test="DesignSystem-Dialog--SecondaryButton"
            tabindex="0"
          >
            Sample String
          </button>
          <button
            class="Button Button--regular Button--primary Button--iconAlign-left"
            data-test="DesignSystem-Dialog--PrimaryButton"
            tabindex="0"
          >
            Sample String
          </button>
        </div>
      </div>
    </div>
  </div>
  <div>
    <div />
  </div>
  <div
    class="Backdrop Backdrop--open Backdrop-animation--open"
    data-test="DesignSystem-Backdrop"
  />
</body>
`;

exports[`Dialog component 
  open: true, icon: "Sample String", title: "Sample String", heading: "Sample String", onClose: "[Function]", description: "Sample String", primaryButtonLabel: "Sample String", secondaryButtonLabel: "Sample String", secondaryButtonCallback: "[Function]", secondaryButtonAppearance: "transparent"
 1`] = `
<body
  style="overflow: hidden;"
>
  <div
    class="Modal-wrapper"
  >
    <div
      class="Modal-container Modal-container--open"
      data-layer="true"
      data-test="DesignSystem-ModalContainer"
    >
      <div
        class="Modal Modal--small Modal--open Modal-animation--open"
        data-test="DesignSystem-Dialog"
      >
        <div
          class="ModalHeader"
        >
          <div
            class="ModalHeader-headingWrapper"
            data-test="DesignSystem-ModalHeader"
          >
            <div
              class="ModalHeader-heading"
            >
              <h4
                class="Heading Heading--m Heading--default"
                data-test="DesignSystem-Heading"
              >
                Sample String
              </h4>
            </div>
            <i
              class="material-icons Icon Icon--default cursor-pointer"
              data-test="DesignSystem-ModalHeader--CloseIcon"
              style="font-size: 20px; width: 20px;"
            >
              close
            </i>
          </div>
        </div>
        <div
          class="Modal-description pl-6 pr-6"
          data-test="DesignSystem-ModalDescription"
        >
          <div
            class="mb-3"
          >
            <span
              class="Text Text--default Text--strong Text--regular"
              data-test="DesignSystem-ModalDescription--Title"
            >
              Sample String
            </span>
          </div>
          <div>
            <span
              class="Text Text--default Text--regular"
              data-test="DesignSystem-ModalDescription--Description"
            >
              Sample String
            </span>
          </div>
        </div>
        <div
          class="Modal-footer"
          data-test="DesignSystem-ModalFooter"
        >
          <button
            class="Button Button--regular Button--transparent Button--iconAlign-left"
            data-test="DesignSystem-Dialog--SecondaryButton"
            tabindex="0"
          >
            Sample String
          </button>
          <button
            class="Button Button--regular Button--primary Button--iconAlign-left"
            data-test="DesignSystem-Dialog--PrimaryButton"
            tabindex="0"
          >
            Sample String
          </button>
        </div>
      </div>
    </div>
  </div>
  <div>
    <div />
  </div>
  <div
    class="Backdrop Backdrop--open Backdrop-animation--open"
    data-test="DesignSystem-Backdrop"
  />
</body>
`;
