// Jest Snapshot v1, https://goo.gl/fbAQLP

exports[`ModalHeader component 
  heading: "Modal header", onClose: "[Function]", subHeading: "Modal subheading"
 1`] = `
<DocumentFragment>
  <div
    class="ModalHeader"
  >
    <div
      class="ModalHeader-headingWrapper"
      data-test="DesignSystem-ModalHeader"
    >
      <div
        class="ModalHeader-heading"
      >
        <h4
          class="Heading Heading--m Heading--default"
          data-test="DesignSystem-Heading"
        >
          Modal header
        </h4>
      </div>
      <i
        class="material-icons Icon Icon--default cursor-pointer"
        data-test="DesignSystem-ModalHeader--CloseIcon"
        style="font-size: 20px; width: 20px;"
      >
        close
      </i>
    </div>
    <span
      class="Text Text--subtle Text--regular ModalHeader-subheading"
      data-test="DesignSystem-ModalHeader--Subheading"
    >
      Modal subheading
    </span>
  </div>
</DocumentFragment>
`;
