// Jest Snapshot v1, https://goo.gl/fbAQLP

exports[`Pagination component 
  type: "basic", page: 10, totalPages: 50, onPageChange: "[Function]"
 1`] = `
<DocumentFragment>
  <div
    class="Pagination Pagination--basic"
    data-test="DesignSystem-Pagination"
  >
    <div
      class="Pagination-buttonWrapper Pagination-buttonWrapper--previous"
    >
      <button
        class="Button Button--large Button--largeSquare Button--transparent"
        data-test="DesignSystem-Pagination--FirstButton"
        tabindex="0"
      >
        <div
          class="Button-icon"
        >
          <i
            class="material-icons Icon Icon--default"
            data-test="DesignSystem-Button--Icon"
            style="font-size: 20px; width: 20px;"
          >
            first_page
          </i>
        </div>
      </button>
      <div
        class="ml-4 mx-3"
        data-test="DesignSystem-Pagination--Prev"
      >
        <button
          class="Button Button--large Button--largeSquare Button--basic"
          data-test="DesignSystem-Pagination--PrevButton"
          tabindex="0"
        >
          <div
            class="Button-icon"
          >
            <i
              class="material-icons Icon Icon--default"
              data-test="DesignSystem-Button--Icon"
              style="font-size: 20px; width: 20px;"
            >
              navigate_before
            </i>
          </div>
        </button>
      </div>
    </div>
    <div
      class="Pagination-buttonWrapper Pagination-buttonWrapper--next"
    >
      <div
        class="mr-4 mx-3"
      >
        <button
          class="Button Button--large Button--largeSquare Button--basic"
          data-test="DesignSystem-Pagination--NextButton"
          tabindex="0"
        >
          <div
            class="Button-icon"
          >
            <i
              class="material-icons Icon Icon--default"
              data-test="DesignSystem-Button--Icon"
              style="font-size: 20px; width: 20px;"
            >
              navigate_next
            </i>
          </div>
        </button>
      </div>
      <button
        class="Button Button--large Button--largeSquare Button--transparent"
        data-test="DesignSystem-Pagination--LastButton"
        tabindex="0"
      >
        <div
          class="Button-icon"
        >
          <i
            class="material-icons Icon Icon--default"
            data-test="DesignSystem-Button--Icon"
            style="font-size: 20px; width: 20px;"
          >
            last_page
          </i>
        </div>
      </button>
    </div>
  </div>
</DocumentFragment>
`;

exports[`Pagination component 
  type: "jump", page: 10, totalPages: 50, onPageChange: "[Function]"
 1`] = `
<DocumentFragment>
  <div
    class="Pagination Pagination--jump"
    data-test="DesignSystem-Pagination"
  >
    <div
      class="Pagination-buttonWrapper Pagination-buttonWrapper--previous"
    >
      <button
        class="Button Button--large Button--largeSquare Button--transparent"
        data-test="DesignSystem-Pagination--FirstButton"
        tabindex="0"
      >
        <div
          class="Button-icon"
        >
          <i
            class="material-icons Icon Icon--default"
            data-test="DesignSystem-Button--Icon"
            style="font-size: 20px; width: 20px;"
          >
            first_page
          </i>
        </div>
      </button>
      <div
        class="ml-4 mx-4"
        data-test="DesignSystem-Pagination--Prev"
      >
        <button
          class="Button Button--large Button--largeSquare Button--basic"
          data-test="DesignSystem-Pagination--PrevButton"
          tabindex="0"
        >
          <div
            class="Button-icon"
          >
            <i
              class="material-icons Icon Icon--default"
              data-test="DesignSystem-Button--Icon"
              style="font-size: 20px; width: 20px;"
            >
              navigate_before
            </i>
          </div>
        </button>
      </div>
    </div>
    <div
      class="Pagination-pageIndex"
    >
      <div
        class="Input Input--large"
        data-test="DesignSystem-InputWrapper"
      >
        <input
          class="Input-input Input-input--large"
          data-test="DesignSystem-Pagination--Input"
          name="page"
          type="number"
          value="10"
        />
      </div>
      <span
        class="Text Text--default Text--regular"
        data-test="DesignSystem-Text"
      >
         of 50 pages
      </span>
    </div>
    <div
      class="Pagination-buttonWrapper Pagination-buttonWrapper--next"
    >
      <div
        class="mr-4 mx-4"
      >
        <button
          class="Button Button--large Button--largeSquare Button--basic"
          data-test="DesignSystem-Pagination--NextButton"
          tabindex="0"
        >
          <div
            class="Button-icon"
          >
            <i
              class="material-icons Icon Icon--default"
              data-test="DesignSystem-Button--Icon"
              style="font-size: 20px; width: 20px;"
            >
              navigate_next
            </i>
          </div>
        </button>
      </div>
      <button
        class="Button Button--large Button--largeSquare Button--transparent"
        data-test="DesignSystem-Pagination--LastButton"
        tabindex="0"
      >
        <div
          class="Button-icon"
        >
          <i
            class="material-icons Icon Icon--default"
            data-test="DesignSystem-Button--Icon"
            style="font-size: 20px; width: 20px;"
          >
            last_page
          </i>
        </div>
      </button>
    </div>
  </div>
</DocumentFragment>
`;
