// Jest Snapshot v1, https://goo.gl/fbAQLP

exports[`RangePicker component 
  
 1`] = `
<Component
  onRangeChange={[Function]}
  rangePicker={true}
/>
`;

exports[`RangePicker component 
  monthsInView: 1
 1`] = `
<Component
  monthsInView={1}
  onRangeChange={[Function]}
  rangePicker={true}
/>
`;

exports[`RangePicker component 
  monthsInView: 1
 2`] = `
<Component
  monthNav={11}
  monthsInView={1}
  onRangeChange={[Function]}
  rangePicker={true}
  yearNav={2019}
/>
`;

exports[`RangePicker component 
  monthsInView: 2
 1`] = `
<Component
  monthsInView={2}
  onRangeChange={[Function]}
  rangePicker={true}
/>
`;

exports[`RangePicker component 
  monthsInView: 2
 2`] = `
<Component
  monthNav={11}
  monthsInView={2}
  onRangeChange={[Function]}
  rangePicker={true}
  yearNav={2019}
/>
`;

exports[`RangePicker component 
  monthsInView: 3
 1`] = `
<Component
  monthsInView={3}
  onRangeChange={[Function]}
  rangePicker={true}
/>
`;

exports[`RangePicker component 
  monthsInView: 3
 2`] = `
<Component
  monthNav={11}
  monthsInView={3}
  onRangeChange={[Function]}
  rangePicker={true}
  yearNav={2019}
/>
`;

exports[`RangePicker component 
  view: "date"
 1`] = `
<Component
  onRangeChange={[Function]}
  rangePicker={true}
  view="date"
>
  RangePicker
</Component>
`;

exports[`RangePicker component 
  view: "month"
 1`] = `
<Component
  onRangeChange={[Function]}
  rangePicker={true}
  view="month"
>
  RangePicker
</Component>
`;

exports[`RangePicker component 
  view: "year"
 1`] = `
<Component
  onRangeChange={[Function]}
  rangePicker={true}
  view="year"
>
  RangePicker
</Component>
`;

exports[`RangePicker component 
  withInput: false
 1`] = `
<Component
  onRangeChange={[Function]}
  rangePicker={true}
/>
`;

exports[`RangePicker component 
  withInput: true
 1`] = `
<Popover
  appendToBody={true}
  onToggle={[Function]}
  open={false}
  trigger={
    <div
      className="RangePicker-input"
    >
      <ForwardRef
        error={false}
        mask={
          Array [
            /\\\\d/,
            /\\\\d/,
            "/",
            /\\\\d/,
            /\\\\d/,
            "/",
            /\\\\d/,
            /\\\\d/,
            /\\\\d/,
            /\\\\d/,
          ]
        }
        name="rangePicker-start"
        onBlur={[Function]}
        onChange={[Function]}
        onClear={[Function]}
        onClick={[Function]}
        placeholder="dd/mm/yy"
        placeholderChar="_"
        value=""
      />
      <div
        className="RangePicker-rangeSeparator"
      >
        <Text>
           - 
        </Text>
      </div>
      <ForwardRef
        error={false}
        mask={
          Array [
            /\\\\d/,
            /\\\\d/,
            "/",
            /\\\\d/,
            /\\\\d/,
            "/",
            /\\\\d/,
            /\\\\d/,
            /\\\\d/,
            /\\\\d/,
          ]
        }
        name="rangePicker-end"
        onBlur={[Function]}
        onChange={[Function]}
        onClear={[Function]}
        onClick={[Function]}
        placeholder="dd/mm/yy"
        placeholderChar="_"
        value=""
      />
    </div>
  }
>
  <Component
    onRangeChange={[Function]}
    rangePicker={true}
  />
</Popover>
`;
