// Jest Snapshot v1, https://goo.gl/fbAQLP

exports[`Toast component 
  title: "Sample Toast", appearance: "alert", onClose: "[Function]"
 1`] = `
<div
  className="Toast Toast--alert"
>
  <Icon
    className="Toast-icon Toast-icon--left Toast-icon--alert"
    name="error"
    size={16}
  />
  <div
    className="Toast-body"
  >
    <div
      className="Toast-title"
    >
      <Heading
        appearance="white"
        className="Toast-heading Toast-heading--alert"
        size="s"
      >
        Sample Toast
      </Heading>
      <Icon
        appearance="white"
        className="Toast-icon Toast-icon--right Toast-icon--alert"
        name="close"
        onClick={[Function]}
        size={16}
      />
    </div>
  </div>
</div>
`;

exports[`Toast component 
  title: "Sample Toast", appearance: "default", onClose: "[Function]"
 1`] = `
<div
  className="Toast Toast--default"
>
  <div
    className="Toast-body"
  >
    <div
      className="Toast-title"
    >
      <Heading
        appearance="white"
        className="Toast-heading Toast-heading--default"
        size="s"
      >
        Sample Toast
      </Heading>
      <Icon
        appearance="white"
        className="Toast-icon Toast-icon--right Toast-icon--default"
        name="close"
        onClick={[Function]}
        size={16}
      />
    </div>
  </div>
</div>
`;

exports[`Toast component 
  title: "Sample Toast", appearance: "info", onClose: "[Function]"
 1`] = `
<div
  className="Toast Toast--info"
>
  <Icon
    className="Toast-icon Toast-icon--left Toast-icon--info"
    name="info"
    size={16}
  />
  <div
    className="Toast-body"
  >
    <div
      className="Toast-title"
    >
      <Heading
        appearance="white"
        className="Toast-heading Toast-heading--info"
        size="s"
      >
        Sample Toast
      </Heading>
      <Icon
        appearance="white"
        className="Toast-icon Toast-icon--right Toast-icon--info"
        name="close"
        onClick={[Function]}
        size={16}
      />
    </div>
  </div>
</div>
`;

exports[`Toast component 
  title: "Sample Toast", appearance: "success", onClose: "[Function]"
 1`] = `
<div
  className="Toast Toast--success"
>
  <Icon
    className="Toast-icon Toast-icon--left Toast-icon--success"
    name="check_circle"
    size={16}
  />
  <div
    className="Toast-body"
  >
    <div
      className="Toast-title"
    >
      <Heading
        appearance="white"
        className="Toast-heading Toast-heading--success"
        size="s"
      >
        Sample Toast
      </Heading>
      <Icon
        appearance="white"
        className="Toast-icon Toast-icon--right Toast-icon--success"
        name="close"
        onClick={[Function]}
        size={16}
      />
    </div>
  </div>
</div>
`;

exports[`Toast component 
  title: "Sample Toast", appearance: "warning", onClose: "[Function]"
 1`] = `
<div
  className="Toast Toast--warning"
>
  <Icon
    className="Toast-icon Toast-icon--left Toast-icon--warning"
    name="error"
    size={16}
  />
  <div
    className="Toast-body"
  >
    <div
      className="Toast-title"
    >
      <Heading
        appearance="default"
        className="Toast-heading Toast-heading--warning"
        size="s"
      >
        Sample Toast
      </Heading>
      <Icon
        appearance="default"
        className="Toast-icon Toast-icon--right Toast-icon--warning"
        name="close"
        onClick={[Function]}
        size={16}
      />
    </div>
  </div>
</div>
`;

exports[`Toast component 
  title: "Sample Toast", message: "Sample string", appearance: "alert", onClose: "[Function]"
 1`] = `
<div
  className="Toast Toast--withMessage Toast--alert"
>
  <Icon
    className="Toast-icon Toast-icon--left Toast-icon--alert"
    name="error"
    size={16}
  />
  <div
    className="Toast-body"
  >
    <div
      className="Toast-title Toast-title--withMessage"
    >
      <Heading
        appearance="white"
        className="Toast-heading Toast-heading--alert"
        size="s"
      >
        Sample Toast
      </Heading>
      <Icon
        appearance="white"
        className="Toast-icon Toast-icon--right Toast-icon--alert"
        name="close"
        onClick={[Function]}
        size={16}
      />
    </div>
    <Text
      appearance="white"
      className="Toast-text Toast-text--alert"
      size="regular"
    >
      Sample string
    </Text>
  </div>
</div>
`;

exports[`Toast component 
  title: "Sample Toast", message: "Sample string", appearance: "alert", onClose: "[Function]", actions: [{"label":"Action 1","onClick":"[Function]"}]
 1`] = `
<div
  className="Toast Toast--withMessage Toast--alert"
>
  <Icon
    className="Toast-icon Toast-icon--left Toast-icon--alert"
    name="error"
    size={16}
  />
  <div
    className="Toast-body"
  >
    <div
      className="Toast-title Toast-title--withMessage"
    >
      <Heading
        appearance="white"
        className="Toast-heading Toast-heading--alert"
        size="s"
      >
        Sample Toast
      </Heading>
      <Icon
        appearance="white"
        className="Toast-icon Toast-icon--right Toast-icon--alert"
        name="close"
        onClick={[Function]}
        size={16}
      />
    </div>
    <Text
      appearance="white"
      className="Toast-text Toast-text--alert"
      size="regular"
    >
      Sample string
    </Text>
    <div
      className="Toast-actions"
    >
      <ActionButton
        appearance="alert"
        key="0"
        label="Action 1"
        onClick={[MockFunction]}
      />
    </div>
  </div>
</div>
`;

exports[`Toast component 
  title: "Sample Toast", message: "Sample string", appearance: "default", onClose: "[Function]"
 1`] = `
<div
  className="Toast Toast--withMessage Toast--default"
>
  <div
    className="Toast-body"
  >
    <div
      className="Toast-title Toast-title--withMessage"
    >
      <Heading
        appearance="white"
        className="Toast-heading Toast-heading--default"
        size="s"
      >
        Sample Toast
      </Heading>
      <Icon
        appearance="white"
        className="Toast-icon Toast-icon--right Toast-icon--default"
        name="close"
        onClick={[Function]}
        size={16}
      />
    </div>
    <Text
      appearance="white"
      className="Toast-text Toast-text--default"
      size="regular"
    >
      Sample string
    </Text>
  </div>
</div>
`;

exports[`Toast component 
  title: "Sample Toast", message: "Sample string", appearance: "default", onClose: "[Function]", actions: [{"label":"Action 1","onClick":"[Function]"}]
 1`] = `
<div
  className="Toast Toast--withMessage Toast--default"
>
  <div
    className="Toast-body"
  >
    <div
      className="Toast-title Toast-title--withMessage"
    >
      <Heading
        appearance="white"
        className="Toast-heading Toast-heading--default"
        size="s"
      >
        Sample Toast
      </Heading>
      <Icon
        appearance="white"
        className="Toast-icon Toast-icon--right Toast-icon--default"
        name="close"
        onClick={[Function]}
        size={16}
      />
    </div>
    <Text
      appearance="white"
      className="Toast-text Toast-text--default"
      size="regular"
    >
      Sample string
    </Text>
    <div
      className="Toast-actions"
    >
      <ActionButton
        appearance="default"
        key="0"
        label="Action 1"
        onClick={[MockFunction]}
      />
    </div>
  </div>
</div>
`;

exports[`Toast component 
  title: "Sample Toast", message: "Sample string", appearance: "info", onClose: "[Function]"
 1`] = `
<div
  className="Toast Toast--withMessage Toast--info"
>
  <Icon
    className="Toast-icon Toast-icon--left Toast-icon--info"
    name="info"
    size={16}
  />
  <div
    className="Toast-body"
  >
    <div
      className="Toast-title Toast-title--withMessage"
    >
      <Heading
        appearance="white"
        className="Toast-heading Toast-heading--info"
        size="s"
      >
        Sample Toast
      </Heading>
      <Icon
        appearance="white"
        className="Toast-icon Toast-icon--right Toast-icon--info"
        name="close"
        onClick={[Function]}
        size={16}
      />
    </div>
    <Text
      appearance="white"
      className="Toast-text Toast-text--info"
      size="regular"
    >
      Sample string
    </Text>
  </div>
</div>
`;

exports[`Toast component 
  title: "Sample Toast", message: "Sample string", appearance: "info", onClose: "[Function]", actions: [{"label":"Action 1","onClick":"[Function]"}]
 1`] = `
<div
  className="Toast Toast--withMessage Toast--info"
>
  <Icon
    className="Toast-icon Toast-icon--left Toast-icon--info"
    name="info"
    size={16}
  />
  <div
    className="Toast-body"
  >
    <div
      className="Toast-title Toast-title--withMessage"
    >
      <Heading
        appearance="white"
        className="Toast-heading Toast-heading--info"
        size="s"
      >
        Sample Toast
      </Heading>
      <Icon
        appearance="white"
        className="Toast-icon Toast-icon--right Toast-icon--info"
        name="close"
        onClick={[Function]}
        size={16}
      />
    </div>
    <Text
      appearance="white"
      className="Toast-text Toast-text--info"
      size="regular"
    >
      Sample string
    </Text>
    <div
      className="Toast-actions"
    >
      <ActionButton
        appearance="info"
        key="0"
        label="Action 1"
        onClick={[MockFunction]}
      />
    </div>
  </div>
</div>
`;

exports[`Toast component 
  title: "Sample Toast", message: "Sample string", appearance: "success", onClose: "[Function]"
 1`] = `
<div
  className="Toast Toast--withMessage Toast--success"
>
  <Icon
    className="Toast-icon Toast-icon--left Toast-icon--success"
    name="check_circle"
    size={16}
  />
  <div
    className="Toast-body"
  >
    <div
      className="Toast-title Toast-title--withMessage"
    >
      <Heading
        appearance="white"
        className="Toast-heading Toast-heading--success"
        size="s"
      >
        Sample Toast
      </Heading>
      <Icon
        appearance="white"
        className="Toast-icon Toast-icon--right Toast-icon--success"
        name="close"
        onClick={[Function]}
        size={16}
      />
    </div>
    <Text
      appearance="white"
      className="Toast-text Toast-text--success"
      size="regular"
    >
      Sample string
    </Text>
  </div>
</div>
`;

exports[`Toast component 
  title: "Sample Toast", message: "Sample string", appearance: "success", onClose: "[Function]", actions: [{"label":"Action 1","onClick":"[Function]"}]
 1`] = `
<div
  className="Toast Toast--withMessage Toast--success"
>
  <Icon
    className="Toast-icon Toast-icon--left Toast-icon--success"
    name="check_circle"
    size={16}
  />
  <div
    className="Toast-body"
  >
    <div
      className="Toast-title Toast-title--withMessage"
    >
      <Heading
        appearance="white"
        className="Toast-heading Toast-heading--success"
        size="s"
      >
        Sample Toast
      </Heading>
      <Icon
        appearance="white"
        className="Toast-icon Toast-icon--right Toast-icon--success"
        name="close"
        onClick={[Function]}
        size={16}
      />
    </div>
    <Text
      appearance="white"
      className="Toast-text Toast-text--success"
      size="regular"
    >
      Sample string
    </Text>
    <div
      className="Toast-actions"
    >
      <ActionButton
        appearance="success"
        key="0"
        label="Action 1"
        onClick={[MockFunction]}
      />
    </div>
  </div>
</div>
`;

exports[`Toast component 
  title: "Sample Toast", message: "Sample string", appearance: "warning", onClose: "[Function]"
 1`] = `
<div
  className="Toast Toast--withMessage Toast--warning"
>
  <Icon
    className="Toast-icon Toast-icon--left Toast-icon--warning"
    name="error"
    size={16}
  />
  <div
    className="Toast-body"
  >
    <div
      className="Toast-title Toast-title--withMessage"
    >
      <Heading
        appearance="default"
        className="Toast-heading Toast-heading--warning"
        size="s"
      >
        Sample Toast
      </Heading>
      <Icon
        appearance="default"
        className="Toast-icon Toast-icon--right Toast-icon--warning"
        name="close"
        onClick={[Function]}
        size={16}
      />
    </div>
    <Text
      appearance="default"
      className="Toast-text Toast-text--warning"
      size="regular"
    >
      Sample string
    </Text>
  </div>
</div>
`;

exports[`Toast component 
  title: "Sample Toast", message: "Sample string", appearance: "warning", onClose: "[Function]", actions: [{"label":"Action 1","onClick":"[Function]"}]
 1`] = `
<div
  className="Toast Toast--withMessage Toast--warning"
>
  <Icon
    className="Toast-icon Toast-icon--left Toast-icon--warning"
    name="error"
    size={16}
  />
  <div
    className="Toast-body"
  >
    <div
      className="Toast-title Toast-title--withMessage"
    >
      <Heading
        appearance="default"
        className="Toast-heading Toast-heading--warning"
        size="s"
      >
        Sample Toast
      </Heading>
      <Icon
        appearance="default"
        className="Toast-icon Toast-icon--right Toast-icon--warning"
        name="close"
        onClick={[Function]}
        size={16}
      />
    </div>
    <Text
      appearance="default"
      className="Toast-text Toast-text--warning"
      size="regular"
    >
      Sample string
    </Text>
    <div
      className="Toast-actions"
    >
      <ActionButton
        appearance="warning"
        key="0"
        label="Action 1"
        onClick={[MockFunction]}
      />
    </div>
  </div>
</div>
`;
