// Jest Snapshot v1, https://goo.gl/fbAQLP

exports[`Card component 
  shadow: "default", style: {"width":"150px","height":"150px"}
 1`] = `
<div
  className="Card Card--shadow-default"
  style={
    Object {
      "height": "150px",
      "width": "150px",
    }
  }
>
  <span>
    Hello
  </span>
</div>
`;

exports[`Card component 
  shadow: "none", style: {"width":"150px","height":"150px"}
 1`] = `
<div
  className="Card Card--shadow-none"
  style={
    Object {
      "height": "150px",
      "width": "150px",
    }
  }
>
  <span>
    Hello
  </span>
</div>
`;
